[2026/01/14 14:38:02] INFO: Aplicación iniciada correctamente.
-------------------------------------------------------
[2026/01/14 14:42:45] INFO: Aplicación iniciada.
-------------------------------------------------------
[2026/01/14 14:45:28] INFO: Aplicación iniciada.
-------------------------------------------------------
[2026/01/14 14:47:27] INFO: Aplicación iniciada.
-------------------------------------------------------
[2026/01/14 14:47:33] INFO: ZPL enviado a Zebra ZD510-HC para el paciente 00.000.000
-------------------------------------------------------
[2026/01/14 14:47:33] INFO: Test de impresión ejecutado en Zebra ZD510-HC
-------------------------------------------------------
[2026/01/14 14:47:54] INFO: ZPL enviado a Microsoft Print to PDF para el paciente 00.000.000
-------------------------------------------------------
[2026/01/14 14:47:54] INFO: Test de impresión ejecutado en Microsoft Print to PDF
-------------------------------------------------------
[2026/01/14 14:48:12] INFO: ZPL enviado a Zebra ZD510-HC para el paciente 42952228
-------------------------------------------------------
[2026/01/14 14:53:00] INFO: Aplicación iniciada.
-------------------------------------------------------
[2026/01/14 14:53:40] INFO: Aplicación iniciada.
-------------------------------------------------------
[2026/01/14 14:54:31] INFO: Aplicación iniciada.
-------------------------------------------------------
[2026/01/14 14:55:21] INFO: Aplicación iniciada.
-------------------------------------------------------
[2026/01/14 14:56:18] INFO: Aplicación iniciada.
-------------------------------------------------------
[2026/01/14 14:59:41] INFO: Aplicación iniciada.
-------------------------------------------------------
[2026/01/14 15:03:46] INFO: Aplicación iniciada.
-------------------------------------------------------
[2026/01/14 15:05:17] INFO: Aplicación iniciada.
-------------------------------------------------------
[2026/01/14 15:06:23] INFO: Aplicación iniciada.
-------------------------------------------------------
[2026/01/14 15:07:20] INFO: Aplicación iniciada.
-------------------------------------------------------
[2026/01/14 15:08:24] INFO: Aplicación iniciada.
-------------------------------------------------------
[2026/01/14 15:09:26] INFO: Aplicación iniciada.
-------------------------------------------------------
[2026/01/14 15:10:40] INFO: Aplicación iniciada.
-------------------------------------------------------
[2026/01/14 15:10:55] INFO: Aplicación iniciada.
-------------------------------------------------------
[2026/01/14 15:13:54] INFO: Aplicación iniciada.
-------------------------------------------------------
[2026/01/14 15:15:21] INFO: Aplicación iniciada.
-------------------------------------------------------
[2026/01/14 15:26:48] INFO: Aplicación iniciada.
-------------------------------------------------------
[2026/01/14 15:34:36] INFO: Aplicación iniciada.
-------------------------------------------------------
[2026/01/14 15:46:54] INFO: Aplicación iniciada.
-------------------------------------------------------
[2026/01/14 15:48:33] INFO: Aplicación iniciada.
-------------------------------------------------------
[2026/01/14 15:50:10] INFO: Aplicación iniciada.
-------------------------------------------------------
[2026/01/14 15:53:29] INFO: Aplicación iniciada.
-------------------------------------------------------
[2026/01/14 15:54:01] INFO: Aplicación iniciada.
-------------------------------------------------------
[2026/01/14 15:54:28] INFO: Aplicación iniciada.
-------------------------------------------------------
[2026/01/14 15:55:29] INFO: Aplicación iniciada.
-------------------------------------------------------
[2026/01/14 15:55:42] INFO: Aplicación iniciada.
-------------------------------------------------------
[2026/01/14 15:57:02] INFO: Aplicación iniciada.
-------------------------------------------------------
[2026/01/14 15:57:13] INFO: Aplicación iniciada.
-------------------------------------------------------
[2026/01/14 15:57:44] INFO: Aplicación iniciada.
-------------------------------------------------------
[2026/01/14 16:00:54] INFO: Aplicación iniciada.
-------------------------------------------------------
[2026/01/14 16:02:37] INFO: Aplicación iniciada.
-------------------------------------------------------
[2026/01/14 16:05:36] INFO: Aplicación iniciada.
-------------------------------------------------------
[2026/01/14 16:07:04] INFO: Aplicación iniciada.
-------------------------------------------------------
[2026/01/14 16:07:38] INFO: Aplicación iniciada.
-------------------------------------------------------
[2026/01/14 16:07:53] INFO: Aplicación iniciada.
-------------------------------------------------------
[2026/01/15 09:05:28] INFO: Aplicación iniciada.
-------------------------------------------------------
[2026/01/15 09:07:48] INFO: Aplicación iniciada.
-------------------------------------------------------
[2026/01/15 09:08:37] INFO: Aplicación iniciada.
-------------------------------------------------------
[2026/01/15 09:10:44] INFO: Aplicación iniciada.
-------------------------------------------------------
[2026/01/15 09:12:09] INFO: Aplicación iniciada.
-------------------------------------------------------
[2026/01/15 09:12:47] INFO: Aplicación iniciada.
-------------------------------------------------------
[2026/01/15 09:17:54] INFO: Aplicación iniciada.
-------------------------------------------------------
[2026/01/15 09:18:52] INFO: Aplicación iniciada.
-------------------------------------------------------
[2026/01/15 12:09:30] INFO: Aplicación iniciada.
-------------------------------------------------------
[2026/01/15 14:32:13] INFO: Aplicación iniciada.
-------------------------------------------------------
[2026/01/15 14:36:48] INFO: Aplicación iniciada.
-------------------------------------------------------
